
> validiant-monorepo@1.0.0 build C:\Users\manso\OneDrive\Documents\Validiant-v2\validiant-v2
> turbo run build "--filter=@validiant/web"

ΓÇó Packages in scope: @validiant/web
ΓÇó Running build in 1 packages
ΓÇó Remote caching disabled
@validiant/shared:build: cache hit, replaying logs ab4b5b801ac26753
@validiant/shared:build: 
@validiant/shared:build: > @validiant/shared@1.0.0 build C:\Users\manso\OneDrive\Documents\Validiant-v2\validiant-v2\packages\shared
@validiant/shared:build: > tsup src/index.ts --format cjs,esm --dts
@validiant/shared:build: 
@validiant/shared:build: [34mCLI[39m Building entry: src/index.ts
@validiant/shared:build: [34mCLI[39m Using tsconfig: tsconfig.json
@validiant/shared:build: [34mCLI[39m tsup v8.5.1
@validiant/shared:build: [34mCLI[39m Target: es2020
@validiant/shared:build: [34mCJS[39m Build start
@validiant/shared:build: [34mESM[39m Build start
@validiant/shared:build: 
@validiant/shared:build: [43m[30m WARN [39m[49m [33mΓû▓ [43;33m[[43;30mWARNING[43;33m][0m [1mThe condition "types" here will never be used as it comes after both "import" and "require"[0m [package.json]
@validiant/shared:build: 
@validiant/shared:build:     package.json:12:6:
@validiant/shared:build: [37m      12 Γöé       [32m"types"[37m: "./dist/index.d.ts"
@validiant/shared:build:          Γò╡       [32m~~~~~~~[0m
@validiant/shared:build: 
@validiant/shared:build:   The "import" condition comes earlier and will be used for all "import" statements:
@validiant/shared:build: 
@validiant/shared:build:     package.json:11:6:
@validiant/shared:build: [37m      11 Γöé       [32m"import"[37m: "./dist/index.mjs",
@validiant/shared:build:          Γò╡       [32m~~~~~~~~[0m
@validiant/shared:build: 
@validiant/shared:build:   The "require" condition comes earlier and will be used for all "require" calls:
@validiant/shared:build: 
@validiant/shared:build:     package.json:10:6:
@validiant/shared:build: [37m      10 Γöé       [32m"require"[37m: "./dist/index.js",
@validiant/shared:build:          Γò╡       [32m~~~~~~~~~[0m
@validiant/shared:build: 
@validiant/shared:build: 
@validiant/shared:build: 
@validiant/shared:build: 
@validiant/shared:build: [43m[30m WARN [39m[49m [33mΓû▓ [43;33m[[43;30mWARNING[43;33m][0m [1mThe condition "types" here will never be used as it comes after both "import" and "require"[0m [package.json]
@validiant/shared:build: 
@validiant/shared:build:     package.json:12:6:
@validiant/shared:build: [37m      12 Γöé       [32m"types"[37m: "./dist/index.d.ts"
@validiant/shared:build:          Γò╡       [32m~~~~~~~[0m
@validiant/shared:build: 
@validiant/shared:build:   The "import" condition comes earlier and will be used for all "import" statements:
@validiant/shared:build: 
@validiant/shared:build:     package.json:11:6:
@validiant/shared:build: [37m      11 Γöé       [32m"import"[37m: "./dist/index.mjs",
@validiant/shared:build:          Γò╡       [32m~~~~~~~~[0m
@validiant/shared:build: 
@validiant/shared:build:   The "require" condition comes earlier and will be used for all "require" calls:
@validiant/shared:build: [32mCJS[39m [1mdist\index.js [22m[32m103.83 KB[39m
@validiant/shared:build: 
@validiant/shared:build: [32mCJS[39m ΓÜí∩╕Å Build success in 110ms
@validiant/shared:build: [32mESM[39m [1mdist\index.mjs [22m[32m79.88 KB[39m
@validiant/shared:build: [32mESM[39m ΓÜí∩╕Å Build success in 110ms
@validiant/shared:build:     package.json:10:6:
@validiant/shared:build: [37m      10 Γöé       [32m"require"[37m: "./dist/index.js",
@validiant/shared:build:          Γò╡       [32m~~~~~~~~~[0m
@validiant/shared:build: 
@validiant/shared:build: 
@validiant/shared:build: 
@validiant/shared:build: [34mDTS[39m Build start
@validiant/shared:build: [32mDTS[39m ΓÜí∩╕Å Build success in 6857ms
@validiant/shared:build: [32mDTS[39m [1mdist\index.d.ts  [22m[32m197.95 KB[39m
@validiant/shared:build: [32mDTS[39m [1mdist\index.d.mts [22m[32m197.95 KB[39m
@validiant/web:build: cache miss, executing 42e95a123626eb69
@validiant/web:build: 
@validiant/web:build: > @validiant/web@2.0.0 build C:\Users\manso\OneDrive\Documents\Validiant-v2\validiant-v2\apps\web
@validiant/web:build: > next build
@validiant/web:build: 
@validiant/web:build:   Γû▓ Next.js 14.2.35
@validiant/web:build: 
@validiant/web:build:    Creating an optimized production build ...
@validiant/web:build:  Γ£ô Compiled successfully
@validiant/web:build:    Skipping linting
@validiant/web:build:    Checking validity of types ...
@validiant/web:build: Failed to compile.
@validiant/web:build: 
@validiant/web:build: ./src/app/dashboard/tasks/page.tsx:99:5
@validiant/web:build: Type error: This comparison appears to be unintentional because the types 'TaskStatus' and '"completed"' have no overlap.
@validiant/web:build: 
@validiant/web:build: [0m [90m  97 |[39m     task[33m.[39mdueDate [33m!=[39m [36mnull[39m [33m&&[39m[0m
@validiant/web:build: [0m [90m  98 |[39m     [36mnew[39m [33mDate[39m(task[33m.[39mdueDate) [33m<[39m [36mnew[39m [33mDate[39m() [33m&&[39m[0m
@validiant/web:build: [0m[31m[1m>[22m[39m[90m  99 |[39m     task[33m.[39mstatus [33m!==[39m [32m'completed'[39m [33m&&[39m[0m
@validiant/web:build: [0m [90m     |[39m     [31m[1m^[22m[39m[0m
@validiant/web:build: [0m [90m 100 |[39m     task[33m.[39mstatus [33m!==[39m [32m'cancelled'[39m[33m;[39m[0m
@validiant/web:build: [0m [90m 101 |[39m[0m
@validiant/web:build: [0m [90m 102 |[39m   [90m// Map all known TaskStatus values to an icon; unknown statuses get a fallback.[39m[0m
@validiant/web:build: Next.js build worker exited with code: 1 and signal: null
@validiant/web:build: ΓÇëELIFECYCLEΓÇë Command failed with exit code 1.
node.exe : 
@validiant/web:build: 
ERROR: command 
finished with error: 
command (C:\Users\mans
o\OneDrive\Documents\V
alidiant-v2\validiant-
v2\apps\web) C:\Users\
manso\AppData\Roaming\
npm\pnpm.cmd run 
build exited (1)
At C:\Users\manso\AppD
ata\Roaming\npm\pnpm.p
s1:24 char:5
+     & "node$exe"  "$
basedir/node_modules/p
npm/bin/pnpm.cjs" 
$args
+     ~~~~~~~~~~~~~~~~
~~~~~~~~~~~~~~~~~~~~~~
~~~~~~~~~~~~~~~~~~~~~~
~
    + CategoryInfo    
          : NotSpeci  
  fied: (@validiant   
 /web:...uild exit    
ed (1):String) []    
, RemoteException
    + FullyQualifiedE 
   rrorId : NativeCo  
  mmandError
 
@validiant/web#build: 
command (C:\Users\mans
o\OneDrive\Documents\V
alidiant-v2\validiant-
v2\apps\web) C:\Users\
manso\AppData\Roaming\
npm\pnpm.cmd run 
build exited (1)

 Tasks:    1 successful, 2 total
Cached:    1 cached, 2 total
  Time:    49.752s 
Failed:    @validiant/web#build

 ERROR  run failed: 
command  exited (1)
ΓÇëELIFECYCLEΓÇë Command failed with exit code 1.
